MPLINK 5.09, LINKER
Linker Map File - Created Wed Dec 14 12:52:49 2022

                                 Section Info
                  Section       Type    Address   Location Size(Bytes)
                ---------  ---------  ---------  ---------  ---------
                   .org_0       code   0x000000    program   0x000062
                   .cinit    romdata   0x000031    program   0x000004
.config_2007_BUILD/DEFAULT/PRODUCTION/MAINPIN       code   0x002007    program   0x000002
.config_2008_BUILD/DEFAULT/PRODUCTION/MAINPIN       code   0x002008    program   0x000002



                              Program Memory Usage 
                               Start         End      
                           ---------   ---------      
                            0x000000    0x000032      
                            0x002007    0x002008      
            53 out of 8455 program addresses used, program memory utilization is 0%



                              Symbols - Sorted by Name
                     Name    Address   Location    Storage File                     
                ---------  ---------  ---------  --------- ---------                
                   INICIO   0x000001    program     static C:\Users\Logicos\Documents\proyecto1.X\mainPines.asm
                     LOOP   0x00000c    program     static C:\Users\Logicos\Documents\proyecto1.X\mainPines.asm
                    REP_1   0x00002a    program     static C:\Users\Logicos\Documents\proyecto1.X\mainPines.asm
                    REP_2   0x00002c    program     static C:\Users\Logicos\Documents\proyecto1.X\mainPines.asm
                  RETARDO   0x000028    program     static C:\Users\Logicos\Documents\proyecto1.X\mainPines.asm
               secuencia1   0x00000e    program     static C:\Users\Logicos\Documents\proyecto1.X\mainPines.asm
               secuencia2   0x000012    program     static C:\Users\Logicos\Documents\proyecto1.X\mainPines.asm
               secuencia4   0x00001a    program     static C:\Users\Logicos\Documents\proyecto1.X\mainPines.asm
               secuencia5   0x000023    program     static C:\Users\Logicos\Documents\proyecto1.X\mainPines.asm



                              Symbols - Sorted by Address
                     Name    Address   Location    Storage File                     
                ---------  ---------  ---------  --------- ---------                
                   INICIO   0x000001    program     static C:\Users\Logicos\Documents\proyecto1.X\mainPines.asm
                     LOOP   0x00000c    program     static C:\Users\Logicos\Documents\proyecto1.X\mainPines.asm
               secuencia1   0x00000e    program     static C:\Users\Logicos\Documents\proyecto1.X\mainPines.asm
               secuencia2   0x000012    program     static C:\Users\Logicos\Documents\proyecto1.X\mainPines.asm
               secuencia4   0x00001a    program     static C:\Users\Logicos\Documents\proyecto1.X\mainPines.asm
               secuencia5   0x000023    program     static C:\Users\Logicos\Documents\proyecto1.X\mainPines.asm
                  RETARDO   0x000028    program     static C:\Users\Logicos\Documents\proyecto1.X\mainPines.asm
                    REP_1   0x00002a    program     static C:\Users\Logicos\Documents\proyecto1.X\mainPines.asm
                    REP_2   0x00002c    program     static C:\Users\Logicos\Documents\proyecto1.X\mainPines.asm


